   Compiling adk-rust-guide v0.1.0 (/data/projects/adk-rust/adk-rust-guide)
    Finished `test` profile [unoptimized + debuginfo] target(s) in 1.88s
     Running unittests src/lib.rs (target/debug/deps/adk_rust_guide-6a174ba3cf1f498e)

running 0 tests

test result: ok. 0 passed; 0 failed; 0 ignored; 0 measured; 2 filtered out; finished in 0.00s

     Running unittests src/main.rs (target/debug/deps/adk_rust_guide-f85b65eae0b6fa01)

running 0 tests

test result: ok. 0 passed; 0 failed; 0 ignored; 0 measured; 0 filtered out; finished in 0.00s

     Running tests/validation_tests.rs (target/debug/deps/validation_tests-70006f4fa2f837b0)

running 4 tests
test test_built_in_tools_example_compilation ... ok
test unit_tests::test_built_in_tools_examples_in_list ... ok
test unit_tests::test_doc_to_example_mapping_built_in_tools ... ok
test prop_built_in_tools_example_valid ... ok

test result: ok. 4 passed; 0 failed; 0 ignored; 0 measured; 19 filtered out; finished in 0.01s

